---
http_interactions:
- request:
    method: get
    uri: http://cs-api-sandbox.herokuapp.com/v1/challenges?
    body:
      encoding: US-ASCII
      string: ''
    headers:
      Accept:
      - ! '*/*; q=0.5, application/xml'
      Accept-Encoding:
      - gzip, deflate
      Oauth-Token:
      - 00DK0000008yRYr!AQQAQHH80AtjHiYFnBFliPDNRW.sU51mF3j4KAeCh80YYYdaKDxXdS3NmP8LbEaDrWdEpF18a_EelAW1TdChFovot8eiycNo
      Authorization:
      - Token token="6757b55b396c51948422d915ba1f2ca2"
      Content-Type:
      - application/json
      User-Agent:
      - Ruby
  response:
    status:
      code: 200
      message: OK
    headers:
      Cache-Control:
      - must-revalidate, private, max-age=0
      Content-Type:
      - application/json; charset=utf-8
      Date:
      - Sun, 14 Apr 2013 10:10:18 GMT
      Etag:
      - ! '"9a9531eaec87508c435ae140b19cb795"'
      Server:
      - thin 1.5.0 codename Knife
      X-Rack-Cache:
      - miss
      X-Request-Id:
      - 71a320d64ce607163bc2cbdbb0524594
      X-Runtime:
      - '0.398031'
      X-Ua-Compatible:
      - IE=Edge,chrome=1
      Content-Length:
      - '4620'
      Connection:
      - keep-alive
    body:
      encoding: US-ASCII
      string: ! '{"response":[{"attributes":{"type":"Challenge__c","url":"/services/data/v25.0/sobjects/Challenge__c/a0GK0000006KmxmMAC"},"total_prize_money":4,"end_date":"2013-04-19T18:19:55.000+0000","registered_members":2,"challenge_platforms__r":{"totalsize":3,"done":true,"records":[{"attributes":{"type":"Challenge_Platform__c","url":"/services/data/v25.0/sobjects/Challenge_Platform__c/a1KK0000001HmynMAC"},"name":"Cloud
        Foundry","id":"a1KK0000001HmynMAC","challenge":"a0GK0000006KmxmMAC"},{"attributes":{"type":"Challenge_Platform__c","url":"/services/data/v25.0/sobjects/Challenge_Platform__c/a1KK0000001HmyoMAC"},"name":"Google
        App Engine","id":"a1KK0000001HmyoMAC","challenge":"a0GK0000006KmxmMAC"},{"attributes":{"type":"Challenge_Platform__c","url":"/services/data/v25.0/sobjects/Challenge_Platform__c/a1KK0000001HmymMAC"},"name":"Heroku","id":"a1KK0000001HmymMAC","challenge":"a0GK0000006KmxmMAC"}]},"participating_members":3,"challenge_technologies__r":{"totalsize":2,"done":true,"records":[{"attributes":{"type":"Challenge_Technology__c","url":"/services/data/v25.0/sobjects/Challenge_Technology__c/a1JK0000000LgtmMAC"},"name":"Apex","id":"a1JK0000000LgtmMAC","challenge":"a0GK0000006KmxmMAC"},{"attributes":{"type":"Challenge_Technology__c","url":"/services/data/v25.0/sobjects/Challenge_Technology__c/a1JK0000000LgtnMAC"},"name":"JavaScript","id":"a1JK0000000LgtnMAC","challenge":"a0GK0000006KmxmMAC"}]},"name":"Test
        Challenge 2 -- Admin","challenge_id":"21","challenge_type":"Task","id":"a0GK0000006KmxmMAC","description":"<p>Sample
        Description</p>","start_date":"2013-03-29T18:09:00.000+0000","is_open":"true","days_till_close":5},{"attributes":{"type":"Challenge__c","url":"/services/data/v25.0/sobjects/Challenge__c/a0GK000000676zHMAQ"},"total_prize_money":1000,"end_date":"2013-04-23T11:59:00.000+0000","registered_members":3,"challenge_platforms__r":{"totalsize":2,"done":true,"records":[{"attributes":{"type":"Challenge_Platform__c","url":"/services/data/v25.0/sobjects/Challenge_Platform__c/a1KK0000001Hn5EMAS"},"name":"Cloud
        Foundry","id":"a1KK0000001Hn5EMAS","challenge":"a0GK000000676zHMAQ"},{"attributes":{"type":"Challenge_Platform__c","url":"/services/data/v25.0/sobjects/Challenge_Platform__c/a1KK0000001Hn5DMAS"},"name":"Heroku","id":"a1KK0000001Hn5DMAS","challenge":"a0GK000000676zHMAQ"}]},"participating_members":3,"challenge_technologies__r":{"totalsize":3,"done":true,"records":[{"attributes":{"type":"Challenge_Technology__c","url":"/services/data/v25.0/sobjects/Challenge_Technology__c/a1JK0000000Lh1RMAS"},"name":"Apex","id":"a1JK0000000Lh1RMAS","challenge":"a0GK000000676zHMAQ"},{"attributes":{"type":"Challenge_Technology__c","url":"/services/data/v25.0/sobjects/Challenge_Technology__c/a1JK0000000Lh1SMAS"},"name":"jQuery","id":"a1JK0000000Lh1SMAS","challenge":"a0GK000000676zHMAQ"},{"attributes":{"type":"Challenge_Technology__c","url":"/services/data/v25.0/sobjects/Challenge_Technology__c/a1JK0000000Lh1TMAS"},"name":"Visualforce","id":"a1JK0000000Lh1TMAS","challenge":"a0GK000000676zHMAQ"}]},"name":"Really
        Awesome Challenge","challenge_id":"2","challenge_type":"Code","id":"a0GK000000676zHMAQ","description":"<p>test</p>","start_date":"2013-03-05T12:59:00.000+0000","is_open":"true","days_till_close":9},{"attributes":{"type":"Challenge__c","url":"/services/data/v25.0/sobjects/Challenge__c/a0GK0000006KofYMAS"},"total_prize_money":100,"end_date":"2013-04-26T17:19:32.000+0000","registered_members":1,"challenge_platforms__r":{"totalsize":2,"done":true,"records":[{"attributes":{"type":"Challenge_Platform__c","url":"/services/data/v25.0/sobjects/Challenge_Platform__c/a1KK0000001Hn8QMAS"},"name":"AWS","id":"a1KK0000001Hn8QMAS","challenge":"a0GK0000006KofYMAS"},{"attributes":{"type":"Challenge_Platform__c","url":"/services/data/v25.0/sobjects/Challenge_Platform__c/a1KK0000001Hn8PMAS"},"name":"Heroku","id":"a1KK0000001Hn8PMAS","challenge":"a0GK0000006KofYMAS"}]},"participating_members":1,"challenge_technologies__r":{"totalsize":2,"done":true,"records":[{"attributes":{"type":"Challenge_Technology__c","url":"/services/data/v25.0/sobjects/Challenge_Technology__c/a1JK0000000Lh3IMAS"},"name":"Apex","id":"a1JK0000000Lh3IMAS","challenge":"a0GK0000006KofYMAS"},{"attributes":{"type":"Challenge_Technology__c","url":"/services/data/v25.0/sobjects/Challenge_Technology__c/a1JK0000000Lh3JMAS"},"name":"HTML5","id":"a1JK0000000Lh3JMAS","challenge":"a0GK0000006KofYMAS"}]},"name":"Appirio
        Test 3","challenge_id":"34","challenge_type":"Task","id":"a0GK0000006KofYMAS","description":"<p>dfasdf</p>","start_date":"2013-04-03T17:11:00.000+0000","is_open":"true","days_till_close":12}],"count":3}'
    http_version: !!null 
  recorded_at: Sun, 14 Apr 2013 10:10:20 GMT
- request:
    method: get
    uri: http://localhost:3002/v1/
    body:
      encoding: US-ASCII
      string: ''
    headers:
      Oauth-Token:
      - 00DK0000008yRYr!AQQAQHH80AtjHiYFnBFliPDNRW.sU51mF3j4KAeCh80YYYdaKDxXdS3NmP8LbEaDrWdEpF18a_EelAW1TdChFovot8eiycNo
      Authorization:
      - Token token="6757b55b396c51948422d915ba1f2ca2"
      Content-Type:
      - application/json
  response:
    status:
      code: 404
      message: Not Found
    headers:
      Content-Type:
      - text/html; charset=utf-8
      Content-Length:
      - '762'
      X-Request-Id:
      - 20b1cf7bfea81a919c5ddf48b56bf4ae
      X-Runtime:
      - '0.559774'
      Date:
      - Sun, 14 Apr 2013 10:21:17 GMT
      Cache-Control:
      - private
      X-Rack-Cache:
      - miss
      Connection:
      - keep-alive
      Server:
      - thin 1.5.0 codename Knife
    body:
      encoding: US-ASCII
      string: ! "<!DOCTYPE html>\n<html lang=\"en\">\n<head>\n  <meta charset=\"utf-8\"
        />\n  <title>Action Controller: Exception caught</title>\n  <style>\n    body
        { background-color: #fff; color: #333; }\n\n    body, p, ol, ul, td {\n      font-family:
        helvetica, verdana, arial, sans-serif;\n      font-size:   13px;\n      line-height:
        18px;\n    }\n\n    pre {\n      background-color: #eee;\n      padding: 10px;\n
        \     font-size: 11px;\n      white-space: pre-wrap;\n    }\n\n    a { color:
        #000; }\n    a:visited { color: #666; }\n    a:hover { color: #fff; background-color:#000;
        }\n  </style>\n</head>\n<body>\n\n<h1>Routing Error</h1>\n<p><pre>No route
        matches [GET] &quot;/v1&quot;</pre></p>\n<p>\n  Try running <code>rake routes</code>
        for more information on available routes.\n</p>\n\n</body>\n</html>\n"
    http_version: !!null 
  recorded_at: Sun, 14 Apr 2013 10:21:17 GMT
- request:
    method: get
    uri: http://localhost:3002/v1/challenges
    body:
      encoding: US-ASCII
      string: ''
    headers:
      Oauth-Token:
      - 00DK0000008yRYr!AQQAQHH80AtjHiYFnBFliPDNRW.sU51mF3j4KAeCh80YYYdaKDxXdS3NmP8LbEaDrWdEpF18a_EelAW1TdChFovot8eiycNo
      Authorization:
      - Token token="6757b55b396c51948422d915ba1f2ca2"
      Content-Type:
      - application/json
  response:
    status:
      code: 200
      message: OK
    headers:
      Content-Length:
      - '4620'
      Content-Type:
      - application/json; charset=utf-8
      X-Meta-Request-Version:
      - 0.2.1
      X-Ua-Compatible:
      - IE=Edge
      Etag:
      - ! '"9a9531eaec87508c435ae140b19cb795"'
      Cache-Control:
      - must-revalidate, private, max-age=0
      X-Request-Id:
      - 60d65d908860d752f36e1b8731e3c4ea
      X-Runtime:
      - '1.036042'
      Date:
      - Sun, 14 Apr 2013 10:38:09 GMT
      X-Rack-Cache:
      - miss
      Connection:
      - keep-alive
      Server:
      - thin 1.5.0 codename Knife
    body:
      encoding: US-ASCII
      string: ! '{"response":[{"attributes":{"type":"Challenge__c","url":"/services/data/v25.0/sobjects/Challenge__c/a0GK0000006KmxmMAC"},"total_prize_money":4,"end_date":"2013-04-19T18:19:55.000+0000","registered_members":2,"challenge_platforms__r":{"totalsize":3,"done":true,"records":[{"attributes":{"type":"Challenge_Platform__c","url":"/services/data/v25.0/sobjects/Challenge_Platform__c/a1KK0000001HmynMAC"},"name":"Cloud
        Foundry","id":"a1KK0000001HmynMAC","challenge":"a0GK0000006KmxmMAC"},{"attributes":{"type":"Challenge_Platform__c","url":"/services/data/v25.0/sobjects/Challenge_Platform__c/a1KK0000001HmyoMAC"},"name":"Google
        App Engine","id":"a1KK0000001HmyoMAC","challenge":"a0GK0000006KmxmMAC"},{"attributes":{"type":"Challenge_Platform__c","url":"/services/data/v25.0/sobjects/Challenge_Platform__c/a1KK0000001HmymMAC"},"name":"Heroku","id":"a1KK0000001HmymMAC","challenge":"a0GK0000006KmxmMAC"}]},"participating_members":3,"challenge_technologies__r":{"totalsize":2,"done":true,"records":[{"attributes":{"type":"Challenge_Technology__c","url":"/services/data/v25.0/sobjects/Challenge_Technology__c/a1JK0000000LgtmMAC"},"name":"Apex","id":"a1JK0000000LgtmMAC","challenge":"a0GK0000006KmxmMAC"},{"attributes":{"type":"Challenge_Technology__c","url":"/services/data/v25.0/sobjects/Challenge_Technology__c/a1JK0000000LgtnMAC"},"name":"JavaScript","id":"a1JK0000000LgtnMAC","challenge":"a0GK0000006KmxmMAC"}]},"name":"Test
        Challenge 2 -- Admin","challenge_id":"21","challenge_type":"Task","id":"a0GK0000006KmxmMAC","description":"<p>Sample
        Description</p>","start_date":"2013-03-29T18:09:00.000+0000","is_open":"true","days_till_close":5},{"attributes":{"type":"Challenge__c","url":"/services/data/v25.0/sobjects/Challenge__c/a0GK000000676zHMAQ"},"total_prize_money":1000,"end_date":"2013-04-23T11:59:00.000+0000","registered_members":3,"challenge_platforms__r":{"totalsize":2,"done":true,"records":[{"attributes":{"type":"Challenge_Platform__c","url":"/services/data/v25.0/sobjects/Challenge_Platform__c/a1KK0000001Hn5EMAS"},"name":"Cloud
        Foundry","id":"a1KK0000001Hn5EMAS","challenge":"a0GK000000676zHMAQ"},{"attributes":{"type":"Challenge_Platform__c","url":"/services/data/v25.0/sobjects/Challenge_Platform__c/a1KK0000001Hn5DMAS"},"name":"Heroku","id":"a1KK0000001Hn5DMAS","challenge":"a0GK000000676zHMAQ"}]},"participating_members":3,"challenge_technologies__r":{"totalsize":3,"done":true,"records":[{"attributes":{"type":"Challenge_Technology__c","url":"/services/data/v25.0/sobjects/Challenge_Technology__c/a1JK0000000Lh1RMAS"},"name":"Apex","id":"a1JK0000000Lh1RMAS","challenge":"a0GK000000676zHMAQ"},{"attributes":{"type":"Challenge_Technology__c","url":"/services/data/v25.0/sobjects/Challenge_Technology__c/a1JK0000000Lh1SMAS"},"name":"jQuery","id":"a1JK0000000Lh1SMAS","challenge":"a0GK000000676zHMAQ"},{"attributes":{"type":"Challenge_Technology__c","url":"/services/data/v25.0/sobjects/Challenge_Technology__c/a1JK0000000Lh1TMAS"},"name":"Visualforce","id":"a1JK0000000Lh1TMAS","challenge":"a0GK000000676zHMAQ"}]},"name":"Really
        Awesome Challenge","challenge_id":"2","challenge_type":"Code","id":"a0GK000000676zHMAQ","description":"<p>test</p>","start_date":"2013-03-05T12:59:00.000+0000","is_open":"true","days_till_close":9},{"attributes":{"type":"Challenge__c","url":"/services/data/v25.0/sobjects/Challenge__c/a0GK0000006KofYMAS"},"total_prize_money":100,"end_date":"2013-04-26T17:19:32.000+0000","registered_members":1,"challenge_platforms__r":{"totalsize":2,"done":true,"records":[{"attributes":{"type":"Challenge_Platform__c","url":"/services/data/v25.0/sobjects/Challenge_Platform__c/a1KK0000001Hn8QMAS"},"name":"AWS","id":"a1KK0000001Hn8QMAS","challenge":"a0GK0000006KofYMAS"},{"attributes":{"type":"Challenge_Platform__c","url":"/services/data/v25.0/sobjects/Challenge_Platform__c/a1KK0000001Hn8PMAS"},"name":"Heroku","id":"a1KK0000001Hn8PMAS","challenge":"a0GK0000006KofYMAS"}]},"participating_members":1,"challenge_technologies__r":{"totalsize":2,"done":true,"records":[{"attributes":{"type":"Challenge_Technology__c","url":"/services/data/v25.0/sobjects/Challenge_Technology__c/a1JK0000000Lh3IMAS"},"name":"Apex","id":"a1JK0000000Lh3IMAS","challenge":"a0GK0000006KofYMAS"},{"attributes":{"type":"Challenge_Technology__c","url":"/services/data/v25.0/sobjects/Challenge_Technology__c/a1JK0000000Lh3JMAS"},"name":"HTML5","id":"a1JK0000000Lh3JMAS","challenge":"a0GK0000006KofYMAS"}]},"name":"Appirio
        Test 3","challenge_id":"34","challenge_type":"Task","id":"a0GK0000006KofYMAS","description":"<p>dfasdf</p>","start_date":"2013-04-03T17:11:00.000+0000","is_open":"true","days_till_close":12}],"count":3}'
    http_version: !!null 
  recorded_at: Sun, 14 Apr 2013 10:38:09 GMT
recorded_with: VCR 2.3.0
